
Configuración de la Memoria

Nombre           Origen             Longitud           Atributos
ram              0x0000000000000000 0x00000000ffff0000 xrw
rom              0x00000000ffff0000 0x000000000000fff0 xr
reset_bios       0x00000000fffffff0 0x0000000000000010 xr
*default*        0x0000000000000000 0xffffffffffffffff

Guión del enlazador y mapa de memoria

                0x000000001ff08000                __STACK_START = 0x1ff08000
                0x0000000000004000                __STACK_SIZE = 0x4000
                0x000000001ff0c000                __STACK_END = (__STACK_START + __STACK_SIZE)

.init           0x00000000ffff0000     0x1503
 bin/init.elf(.ROM_init)
 .ROM_init      0x00000000ffff0000     0x135a bin/init.elf
                0x00000000ffff0000                GDT_ROM
 bin/init.elf(.init32)
 .init32        0x00000000ffff135a       0xb0 bin/init.elf
                0x00000000ffff135a                imagen_gdtr
                0x00000000ffff1360                imagen_idtr
                0x00000000ffff1366                init_IDT
                0x00000000ffff13bb                IDT_handler_loader
                0x00000000ffff13ed                IDT_handler_cleaner
 bin/exc_handlers.elf(.init32)
 bin/pic_init.elf(.init32)
 .init32        0x00000000ffff140a       0x5a bin/pic_init.elf
                0x00000000ffff140a                pic_init
 bin/bios.elf(.init32)
 .init32        0x00000000ffff1464       0x9c bin/bios.elf
                0x00000000ffff1464                Inicio_32bits
 bin/bios.elf(.main)
 .main          0x00000000ffff1500        0x3 bin/bios.elf

.routines       0x0000000000000000      0x25c dirección de carga 0x00000000ffff1503
                0x0000000000000000                __ROUTINES_DEST = .
                0x00000000ffff1503                __ROUTINES_ORIG = LOADADDR (.routines)
 bin/exc_handlers.elf(.exc_handlers)
 .exc_handlers  0x0000000000000000       0x34 bin/exc_handlers.elf
                0x0000000000000000                handler#DE
                0x000000000000000d                handler#UD
                0x000000000000001a                handler#DF
                0x0000000000000027                handler#GP
 bin/irq_handlers.elf(.irq_handlers)
 .irq_handlers  0x0000000000000034       0x18 bin/irq_handlers.elf
                0x0000000000000034                irq#00_timer_handler
                0x0000000000000040                irq#01_keyboard_handler
 bin/keyboard.elf(.keyboard)
 .keyboard      0x000000000000004c      0x1f2 bin/keyboard.elf
                0x000000000000004c                keyboard_routine
 bin/timer.elf(.timer)
 .timer         0x000000000000023e       0x1e bin/timer.elf
                0x000000000000023e                timer_routine
                0x000000000000025c                __ROUTINES_LENGTH = SIZEOF (.routines)

.system_tables  0x0000000000100000      0x810
                0x0000000000100000                __SYS_TABLES_DEST = .
                0x0000000000100000                __SYS_TABLES_ORIG = LOADADDR (.system_tables)
 bin/init.elf(.system_tables)
 .system_tables
                0x0000000000100000      0x810 bin/init.elf
                0x0000000000100000                GDT
                0x0000000000100018                IDT
                0x0000000000000810                __SYS_TABLES_LENGTH = SIZEOF (.system_tables)

.kernel         0x0000000000200000        0xf dirección de carga 0x00000000ffff175f
                0x0000000000200000                __KERNEL_DEST = .
                0x00000000ffff175f                __KERNEL_ORIG = LOADADDR (.kernel)
 bin/copy.elf(.copy)
 .copy          0x0000000000200000        0xf bin/copy.elf
                0x0000000000200000                Funcion_copia
                0x000000000000000f                __KERNEL_LENGTH = SIZEOF (.kernel)

.data           0x0000000000202000       0xf4 dirección de carga 0x00000000ffff176e
                0x0000000000202000                __TABLES_DEST = .
                0x00000000ffff176e                __TABLES_ORIG = LOADADDR (.data)
 bin/keyboard.elf(.keyboard_table)
 .keyboard_table
                0x0000000000202000       0xa6 bin/keyboard.elf
 bin/keyboard.elf(.keyboard_table_init)
 .keyboard_table_init
                0x00000000002020a6       0x4e bin/keyboard.elf
                0x00000000002020a6                keyboard_fill_lookup_table
                0x00000000000000f4                __TABLES_LENGTH = SIZEOF (.data)

.saved_digits_table
                0x0000000000210000    0x10029
 bin/timer.elf(.timer_count)
 bin/keyboard.elf(.saved_digits_table)
 .saved_digits_table
                0x0000000000210000    0x10010 bin/keyboard.elf
                0x0000000000210000                timer_count
 bin/keyboard.elf(.round_buffer)
 .round_buffer  0x0000000000220010       0x19 bin/keyboard.elf

.reset          0x00000000fffffff0       0x10
 *(.reset)
 .reset         0x00000000fffffff0       0x10 bin/init.elf
LOAD bin/exc_handlers.elf
LOAD bin/init.elf
LOAD bin/bios.elf
LOAD bin/copy.elf
LOAD bin/irq_handlers.elf
LOAD bin/pic_init.elf
LOAD bin/keyboard.elf
LOAD bin/timer.elf
OUTPUT(bios.bin binary)
